// Jest Snapshot v1, https://goo.gl/fbAQLP

exports[`ResContainer should be an instance of ResContainer component 1`] = `
<section
  className="res-container"
>
  <Reservation
    details={
      Object {
        "date": "12/29",
        "id": 1,
        "name": "Christie",
        "number": 12,
        "time": "7:00",
      }
    }
  />
</section>
`;
