// Jest Snapshot v1, https://goo.gl/fbAQLP

exports[`App should be an instance of App component 1`] = `
<div
  className="App"
>
  <h1
    className="app-title"
  >
    Turing Cafe Reservations
  </h1>
  <Form
    addRes={[Function]}
  />
  <ResContainer
    reservations={Array []}
  />
</div>
`;
